chrom	pos	ref	alt	Dataset1_pval	Dataset1_beta	Dataset1_sebeta	Dataset1_af	Dataset1_pip	Dataset1_cs	Dataset2_pval	Dataset2_beta	Dataset2_sebeta	Dataset2_af	Dataset2_pip	Dataset2_cs
1	1	G	T	1e-8	0.2	0.3	0.4	NA	NA	NA	NA	NA	NA	NA	NA
2	2	A	T	NA	NA	NA	NA	NA	NA	1e-8	0.2	0.3	0.4	NA	NA
